C:\Users\adpaw\Studia\Semestr3\PZ1\HotelManagement\main\src\test\java\pl\edu\agh\kis\pz1\commands\HelpCommandTest.java
C:\Users\adpaw\Studia\Semestr3\PZ1\HotelManagement\main\src\test\java\pl\edu\agh\kis\pz1\commands\ExitCommandTest.java
C:\Users\adpaw\Studia\Semestr3\PZ1\HotelManagement\main\src\test\java\pl\edu\agh\kis\pz1\commands\SaveCommandTest.java
C:\Users\adpaw\Studia\Semestr3\PZ1\HotelManagement\main\src\test\java\pl\edu\agh\kis\pz1\commands\ViewCommandTest.java
C:\Users\adpaw\Studia\Semestr3\PZ1\HotelManagement\main\src\test\java\pl\edu\agh\kis\pz1\commands\CheckoutCommandTest.java
C:\Users\adpaw\Studia\Semestr3\PZ1\HotelManagement\main\src\test\java\pl\edu\agh\kis\pz1\commands\CommandTest.java
C:\Users\adpaw\Studia\Semestr3\PZ1\HotelManagement\main\src\test\java\pl\edu\agh\kis\pz1\CommandFactoryTest.java
C:\Users\adpaw\Studia\Semestr3\PZ1\HotelManagement\main\src\test\java\pl\edu\agh\kis\pz1\commands\ListCommandTest.java
C:\Users\adpaw\Studia\Semestr3\PZ1\HotelManagement\main\src\test\java\pl\edu\agh\kis\pz1\commands\PricesCommandTest.java
C:\Users\adpaw\Studia\Semestr3\PZ1\HotelManagement\main\src\test\java\pl\edu\agh\kis\pz1\commands\CheckinCommandTest.java
C:\Users\adpaw\Studia\Semestr3\PZ1\HotelManagement\main\src\test\java\pl\edu\agh\kis\pz1\MainTest.java
