C:\Users\adpaw\Studia\Semestr3\PZ1\HotelManagement\main\src\main\java\pl\edu\agh\kis\pz1\commands\CheckoutCommand.java
C:\Users\adpaw\Studia\Semestr3\PZ1\HotelManagement\main\src\main\java\pl\edu\agh\kis\pz1\commands\ExitCommand.java
C:\Users\adpaw\Studia\Semestr3\PZ1\HotelManagement\main\src\main\java\pl\edu\agh\kis\pz1\commands\ViewCommand.java
C:\Users\adpaw\Studia\Semestr3\PZ1\HotelManagement\main\src\main\java\pl\edu\agh\kis\pz1\commands\ListCommand.java
C:\Users\adpaw\Studia\Semestr3\PZ1\HotelManagement\main\src\main\java\pl\edu\agh\kis\pz1\CommandFactory.java
C:\Users\adpaw\Studia\Semestr3\PZ1\HotelManagement\main\src\main\java\pl\edu\agh\kis\pz1\commands\SaveCommand.java
C:\Users\adpaw\Studia\Semestr3\PZ1\HotelManagement\main\src\main\java\pl\edu\agh\kis\pz1\Main.java
C:\Users\adpaw\Studia\Semestr3\PZ1\HotelManagement\main\src\main\java\pl\edu\agh\kis\pz1\commands\HelpCommand.java
C:\Users\adpaw\Studia\Semestr3\PZ1\HotelManagement\main\src\main\java\pl\edu\agh\kis\pz1\commands\PricesCommand.java
C:\Users\adpaw\Studia\Semestr3\PZ1\HotelManagement\main\src\main\java\pl\edu\agh\kis\pz1\commands\Command.java
C:\Users\adpaw\Studia\Semestr3\PZ1\HotelManagement\main\src\main\java\pl\edu\agh\kis\pz1\commands\CheckinCommand.java
